// Jest Snapshot v1, https://goo.gl/fbAQLP

exports[`Render Flatlist Correctly 1`] = `
<RCTScrollView
  data={
    [
      "John",
      "Mike",
      "Jack",
    ]
  }
  getItem={[Function]}
  getItemCount={[Function]}
  keyExtractor={[Function]}
  onContentSizeChange={[Function]}
  onLayout={[Function]}
  onMomentumScrollBegin={[Function]}
  onMomentumScrollEnd={[Function]}
  onScroll={[Function]}
  onScrollBeginDrag={[Function]}
  onScrollEndDrag={[Function]}
  removeClippedSubviews={false}
  renderItem={[Function]}
  scrollEventThrottle={50}
  stickyHeaderIndices={[]}
  viewabilityConfigCallbackPairs={[]}
>
  <View>
    <View
      onFocusCapture={[Function]}
      onLayout={[Function]}
      style={null}
    >
      <Text>
        John
      </Text>
    </View>
    <View
      onFocusCapture={[Function]}
      onLayout={[Function]}
      style={null}
    >
      <Text>
        Mike
      </Text>
    </View>
    <View
      onFocusCapture={[Function]}
      onLayout={[Function]}
      style={null}
    >
      <Text>
        Jack
      </Text>
    </View>
  </View>
</RCTScrollView>
`;

exports[`render correctly 1`] = `
<View>
  <Text>
    Hellow world!!
  </Text>
</View>
`;
